Analysis & Synthesis report for model_computer
Fri Dec 31 12:32:31 2021
Quartus II Version 9.0 Build 184 04/29/2009 Service Pack 1 SJ Web Edition


---------------------
; Table of Contents ;
---------------------
  1. Legal Notice
  2. Analysis & Synthesis Summary
  3. Analysis & Synthesis Settings
  4. Analysis & Synthesis Source Files Read
  5. Analysis & Synthesis Resource Usage Summary
  6. Analysis & Synthesis Resource Utilization by Entity
  7. Analysis & Synthesis RAM Summary
  8. General Register Statistics
  9. Inverted Register Statistics
 10. Multiplexer Restructuring Statistics (Restructuring Performed)
 11. Source assignments for LPM_RAM_IO:inst2|altram:sram|altsyncram:ram_block|altsyncram_3ha1:auto_generated
 12. Parameter Settings for User Entity Instance: LPM_RAM_IO:inst2
 13. Analysis & Synthesis Messages



----------------
; Legal Notice ;
----------------
Copyright (C) 1991-2009 Altera Corporation
Your use of Altera Corporation's design tools, logic functions 
and other software and tools, and its AMPP partner logic 
functions, and any output files from any of the foregoing 
(including device programming or simulation files), and any 
associated documentation or information are expressly subject 
to the terms and conditions of the Altera Program License 
Subscription Agreement, Altera MegaCore Function License 
Agreement, or other applicable license agreement, including, 
without limitation, that your use is for the sole purpose of 
programming logic devices manufactured by Altera and sold by 
Altera or its authorized distributors.  Please refer to the 
applicable agreement for further details.



+-----------------------------------------------------------------------------------+
; Analysis & Synthesis Summary                                                      ;
+------------------------------------+----------------------------------------------+
; Analysis & Synthesis Status        ; Successful - Fri Dec 31 12:32:31 2021        ;
; Quartus II Version                 ; 9.0 Build 184 04/29/2009 SP 1 SJ Web Edition ;
; Revision Name                      ; model_computer                               ;
; Top-level Entity Name              ; model_computer                               ;
; Family                             ; Cyclone II                                   ;
; Total logic elements               ; 286                                          ;
;     Total combinational functions  ; 263                                          ;
;     Dedicated logic registers      ; 43                                           ;
; Total registers                    ; 43                                           ;
; Total pins                         ; 76                                           ;
; Total virtual pins                 ; 0                                            ;
; Total memory bits                  ; 2,048                                        ;
; Embedded Multiplier 9-bit elements ; 0                                            ;
; Total PLLs                         ; 0                                            ;
+------------------------------------+----------------------------------------------+


+--------------------------------------------------------------------------------------------------------+
; Analysis & Synthesis Settings                                                                          ;
+--------------------------------------------------------------+--------------------+--------------------+
; Option                                                       ; Setting            ; Default Value      ;
+--------------------------------------------------------------+--------------------+--------------------+
; Device                                                       ; EP2C5T144C8        ;                    ;
; Top-level entity name                                        ; model_computer     ; model_computer     ;
; Family name                                                  ; Cyclone II         ; Stratix II         ;
; Use smart compilation                                        ; Off                ; Off                ;
; Restructure Multiplexers                                     ; Auto               ; Auto               ;
; Create Debugging Nodes for IP Cores                          ; Off                ; Off                ;
; Preserve fewer node names                                    ; On                 ; On                 ;
; Disable OpenCore Plus hardware evaluation                    ; Off                ; Off                ;
; Verilog Version                                              ; Verilog_2001       ; Verilog_2001       ;
; VHDL Version                                                 ; VHDL93             ; VHDL93             ;
; State Machine Processing                                     ; Auto               ; Auto               ;
; Safe State Machine                                           ; Off                ; Off                ;
; Extract Verilog State Machines                               ; On                 ; On                 ;
; Extract VHDL State Machines                                  ; On                 ; On                 ;
; Ignore Verilog initial constructs                            ; Off                ; Off                ;
; Iteration limit for constant Verilog loops                   ; 5000               ; 5000               ;
; Iteration limit for non-constant Verilog loops               ; 250                ; 250                ;
; Add Pass-Through Logic to Inferred RAMs                      ; On                 ; On                 ;
; Parallel Synthesis                                           ; Off                ; Off                ;
; DSP Block Balancing                                          ; Auto               ; Auto               ;
; NOT Gate Push-Back                                           ; On                 ; On                 ;
; Power-Up Don't Care                                          ; On                 ; On                 ;
; Remove Redundant Logic Cells                                 ; Off                ; Off                ;
; Remove Duplicate Registers                                   ; On                 ; On                 ;
; Ignore CARRY Buffers                                         ; Off                ; Off                ;
; Ignore CASCADE Buffers                                       ; Off                ; Off                ;
; Ignore GLOBAL Buffers                                        ; Off                ; Off                ;
; Ignore ROW GLOBAL Buffers                                    ; Off                ; Off                ;
; Ignore LCELL Buffers                                         ; Off                ; Off                ;
; Ignore SOFT Buffers                                          ; On                 ; On                 ;
; Limit AHDL Integers to 32 Bits                               ; Off                ; Off                ;
; Optimization Technique                                       ; Balanced           ; Balanced           ;
; Carry Chain Length                                           ; 70                 ; 70                 ;
; Auto Carry Chains                                            ; On                 ; On                 ;
; Auto Open-Drain Pins                                         ; On                 ; On                 ;
; Perform WYSIWYG Primitive Resynthesis                        ; Off                ; Off                ;
; Auto ROM Replacement                                         ; On                 ; On                 ;
; Auto RAM Replacement                                         ; On                 ; On                 ;
; Auto Shift Register Replacement                              ; Auto               ; Auto               ;
; Auto Clock Enable Replacement                                ; On                 ; On                 ;
; Strict RAM Replacement                                       ; Off                ; Off                ;
; Allow Synchronous Control Signals                            ; On                 ; On                 ;
; Force Use of Synchronous Clear Signals                       ; Off                ; Off                ;
; Auto RAM to Logic Cell Conversion                            ; Off                ; Off                ;
; Auto Resource Sharing                                        ; Off                ; Off                ;
; Allow Any RAM Size For Recognition                           ; Off                ; Off                ;
; Allow Any ROM Size For Recognition                           ; Off                ; Off                ;
; Allow Any Shift Register Size For Recognition                ; Off                ; Off                ;
; Use LogicLock Constraints during Resource Balancing          ; On                 ; On                 ;
; Ignore translate_off and synthesis_off directives            ; Off                ; Off                ;
; Timing-Driven Synthesis                                      ; Off                ; Off                ;
; Show Parameter Settings Tables in Synthesis Report           ; On                 ; On                 ;
; Ignore Maximum Fan-Out Assignments                           ; Off                ; Off                ;
; Synchronization Register Chain Length                        ; 2                  ; 2                  ;
; PowerPlay Power Optimization                                 ; Normal compilation ; Normal compilation ;
; HDL message level                                            ; Level2             ; Level2             ;
; Suppress Register Optimization Related Messages              ; Off                ; Off                ;
; Number of Removed Registers Reported in Synthesis Report     ; 100                ; 100                ;
; Number of Inverted Registers Reported in Synthesis Report    ; 100                ; 100                ;
; Clock MUX Protection                                         ; On                 ; On                 ;
; Auto Gated Clock Conversion                                  ; Off                ; Off                ;
; Block Design Naming                                          ; Auto               ; Auto               ;
; SDC constraint protection                                    ; Off                ; Off                ;
; Synthesis Effort                                             ; Auto               ; Auto               ;
; Shift Register Replacement - Allow Asynchronous Clear Signal ; On                 ; On                 ;
; Analysis & Synthesis Message Level                           ; Medium             ; Medium             ;
+--------------------------------------------------------------+--------------------+--------------------+


+-----------------------------------------------------------------------------------------------------------------------------------------------------------------------------------+
; Analysis & Synthesis Source Files Read                                                                                                                                            ;
+------------------------------------+-----------------+------------------------------------+---------------------------------------------------------------------------------------+
; File Name with User-Entered Path   ; Used in Netlist ; File Type                          ; File Name with Absolute Path                                                          ;
+------------------------------------+-----------------+------------------------------------+---------------------------------------------------------------------------------------+
; ../SM/SM.v                         ; yes             ; User Verilog HDL File              ; C:/Users/cyp0633/OneDrive/HNU/EDA/ModelComputer/SM/SM.v                               ;
; ../RegShift/Shift_Register.v       ; yes             ; User Verilog HDL File              ; C:/Users/cyp0633/OneDrive/HNU/EDA/ModelComputer/RegShift/Shift_Register.v             ;
; ../Register/Register.v             ; yes             ; User Verilog HDL File              ; C:/Users/cyp0633/OneDrive/HNU/EDA/ModelComputer/Register/Register.v                   ;
; ../PSW2/PSW.v                      ; yes             ; User Verilog HDL File              ; C:/Users/cyp0633/OneDrive/HNU/EDA/ModelComputer/PSW2/PSW.v                            ;
; ../PC/PC.v                         ; yes             ; User Verilog HDL File              ; C:/Users/cyp0633/OneDrive/HNU/EDA/ModelComputer/PC/PC.v                               ;
; ../MUX/mux.v                       ; yes             ; User Verilog HDL File              ; C:/Users/cyp0633/OneDrive/HNU/EDA/ModelComputer/MUX/mux.v                             ;
; ../IR/IR.v                         ; yes             ; User Verilog HDL File              ; C:/Users/cyp0633/OneDrive/HNU/EDA/ModelComputer/IR/IR.v                               ;
; ../instruction_decoder/decoder.v   ; yes             ; User Verilog HDL File              ; C:/Users/cyp0633/OneDrive/HNU/EDA/ModelComputer/instruction_decoder/decoder.v         ;
; ../control_signal/control_signal.v ; yes             ; User Verilog HDL File              ; C:/Users/cyp0633/OneDrive/HNU/EDA/ModelComputer/control_signal/control_signal.v       ;
; ../ALU/ALU2.v                      ; yes             ; User Verilog HDL File              ; C:/Users/cyp0633/OneDrive/HNU/EDA/ModelComputer/ALU/ALU2.v                            ;
; model_computer.bdf                 ; yes             ; User Block Diagram/Schematic File  ; C:/Users/cyp0633/OneDrive/HNU/EDA/ModelComputer/model_computer/model_computer.bdf     ;
; LPM_RAM_IO.tdf                     ; yes             ; Megafunction                       ; d:/quartus 9.0sp1/quartus/libraries/megafunctions/LPM_RAM_IO.tdf                      ;
; altram.inc                         ; yes             ; Megafunction                       ; d:/quartus 9.0sp1/quartus/libraries/megafunctions/altram.inc                          ;
; lpm_mux.inc                        ; yes             ; Megafunction                       ; d:/quartus 9.0sp1/quartus/libraries/megafunctions/lpm_mux.inc                         ;
; lpm_decode.inc                     ; yes             ; Megafunction                       ; d:/quartus 9.0sp1/quartus/libraries/megafunctions/lpm_decode.inc                      ;
; aglobal90.inc                      ; yes             ; Megafunction                       ; d:/quartus 9.0sp1/quartus/libraries/megafunctions/aglobal90.inc                       ;
; altram.tdf                         ; yes             ; Megafunction                       ; d:/quartus 9.0sp1/quartus/libraries/megafunctions/altram.tdf                          ;
; memmodes.inc                       ; yes             ; Megafunction                       ; d:/quartus 9.0sp1/quartus/libraries/others/maxplus2/memmodes.inc                      ;
; altsyncram.inc                     ; yes             ; Megafunction                       ; d:/quartus 9.0sp1/quartus/libraries/megafunctions/altsyncram.inc                      ;
; altqpram.inc                       ; yes             ; Megafunction                       ; d:/quartus 9.0sp1/quartus/libraries/megafunctions/altqpram.inc                        ;
; altsyncram.tdf                     ; yes             ; Megafunction                       ; d:/quartus 9.0sp1/quartus/libraries/megafunctions/altsyncram.tdf                      ;
; stratix_ram_block.inc              ; yes             ; Megafunction                       ; d:/quartus 9.0sp1/quartus/libraries/megafunctions/stratix_ram_block.inc               ;
; a_rdenreg.inc                      ; yes             ; Megafunction                       ; d:/quartus 9.0sp1/quartus/libraries/megafunctions/a_rdenreg.inc                       ;
; altrom.inc                         ; yes             ; Megafunction                       ; d:/quartus 9.0sp1/quartus/libraries/megafunctions/altrom.inc                          ;
; altdpram.inc                       ; yes             ; Megafunction                       ; d:/quartus 9.0sp1/quartus/libraries/megafunctions/altdpram.inc                        ;
; db/altsyncram_3ha1.tdf             ; yes             ; Auto-Generated Megafunction        ; C:/Users/cyp0633/OneDrive/HNU/EDA/ModelComputer/model_computer/db/altsyncram_3ha1.tdf ;
+------------------------------------+-----------------+------------------------------------+---------------------------------------------------------------------------------------+


+-----------------------------------------------------+
; Analysis & Synthesis Resource Usage Summary         ;
+---------------------------------------------+-------+
; Resource                                    ; Usage ;
+---------------------------------------------+-------+
; Estimated Total logic elements              ; 286   ;
;                                             ;       ;
; Total combinational functions               ; 263   ;
; Logic element usage by number of LUT inputs ;       ;
;     -- 4 input functions                    ; 172   ;
;     -- 3 input functions                    ; 60    ;
;     -- <=2 input functions                  ; 31    ;
;                                             ;       ;
; Logic elements by mode                      ;       ;
;     -- normal mode                          ; 240   ;
;     -- arithmetic mode                      ; 23    ;
;                                             ;       ;
; Total registers                             ; 43    ;
;     -- Dedicated logic registers            ; 43    ;
;     -- I/O registers                        ; 0     ;
;                                             ;       ;
; I/O pins                                    ; 76    ;
; Total memory bits                           ; 2048  ;
; Maximum fan-out node                        ; clk   ;
; Maximum fan-out                             ; 51    ;
; Total fan-out                               ; 1219  ;
; Average fan-out                             ; 3.13  ;
+---------------------------------------------+-------+


+----------------------------------------------------------------------------------------------------------------------------------------------------------------------------------------------------------------------------------------------------------------------------+
; Analysis & Synthesis Resource Utilization by Entity                                                                                                                                                                                                                        ;
+----------------------------------------------+-------------------+--------------+-------------+--------------+---------+-----------+------+--------------+--------------------------------------------------------------------------------------------------+--------------+
; Compilation Hierarchy Node                   ; LC Combinationals ; LC Registers ; Memory Bits ; DSP Elements ; DSP 9x9 ; DSP 18x18 ; Pins ; Virtual Pins ; Full Hierarchy Name                                                                              ; Library Name ;
+----------------------------------------------+-------------------+--------------+-------------+--------------+---------+-----------+------+--------------+--------------------------------------------------------------------------------------------------+--------------+
; |model_computer                              ; 263 (27)          ; 43 (0)       ; 2048        ; 0            ; 0       ; 0         ; 76   ; 0            ; |model_computer                                                                                  ; work         ;
;    |ALU2:inst5|                              ; 88 (88)           ; 0 (0)        ; 0           ; 0            ; 0       ; 0         ; 0    ; 0            ; |model_computer|ALU2:inst5                                                                       ; work         ;
;    |IR:inst|                                 ; 0 (0)             ; 8 (8)        ; 0           ; 0            ; 0       ; 0         ; 0    ; 0            ; |model_computer|IR:inst                                                                          ; work         ;
;    |PC:inst1|                                ; 8 (8)             ; 8 (8)        ; 0           ; 0            ; 0       ; 0         ; 0    ; 0            ; |model_computer|PC:inst1                                                                         ; work         ;
;    |PSW:inst8|                               ; 14 (14)           ; 2 (2)        ; 0           ; 0            ; 0       ; 0         ; 0    ; 0            ; |model_computer|PSW:inst8                                                                        ; work         ;
;    |Register:inst4|                          ; 36 (36)           ; 24 (24)      ; 0           ; 0            ; 0       ; 0         ; 0    ; 0            ; |model_computer|Register:inst4                                                                   ; work         ;
;    |SM:inst10|                               ; 1 (1)             ; 1 (1)        ; 0           ; 0            ; 0       ; 0         ; 0    ; 0            ; |model_computer|SM:inst10                                                                        ; work         ;
;    |Shift_Register:inst6|                    ; 22 (22)           ; 0 (0)        ; 0           ; 0            ; 0       ; 0         ; 0    ; 0            ; |model_computer|Shift_Register:inst6                                                             ; work         ;
;    |control_signal:inst7|                    ; 30 (30)           ; 0 (0)        ; 0           ; 0            ; 0       ; 0         ; 0    ; 0            ; |model_computer|control_signal:inst7                                                             ; work         ;
;    |decoder:inst9|                           ; 21 (21)           ; 0 (0)        ; 0           ; 0            ; 0       ; 0         ; 0    ; 0            ; |model_computer|decoder:inst9                                                                    ; work         ;
;    |lpm_ram_io:inst2|                        ; 0 (0)             ; 0 (0)        ; 2048        ; 0            ; 0       ; 0         ; 0    ; 0            ; |model_computer|lpm_ram_io:inst2                                                                 ; work         ;
;       |altram:sram|                          ; 0 (0)             ; 0 (0)        ; 2048        ; 0            ; 0       ; 0         ; 0    ; 0            ; |model_computer|lpm_ram_io:inst2|altram:sram                                                     ; work         ;
;          |altsyncram:ram_block|              ; 0 (0)             ; 0 (0)        ; 2048        ; 0            ; 0       ; 0         ; 0    ; 0            ; |model_computer|lpm_ram_io:inst2|altram:sram|altsyncram:ram_block                                ; work         ;
;             |altsyncram_3ha1:auto_generated| ; 0 (0)             ; 0 (0)        ; 2048        ; 0            ; 0       ; 0         ; 0    ; 0            ; |model_computer|lpm_ram_io:inst2|altram:sram|altsyncram:ram_block|altsyncram_3ha1:auto_generated ; work         ;
;    |mux:inst3|                               ; 16 (16)           ; 0 (0)        ; 0           ; 0            ; 0       ; 0         ; 0    ; 0            ; |model_computer|mux:inst3                                                                        ; work         ;
+----------------------------------------------+-------------------+--------------+-------------+--------------+---------+-----------+------+--------------+--------------------------------------------------------------------------------------------------+--------------+
Note: For table entries with two numbers listed, the numbers in parentheses indicate the number of resources of the given type used by the specific entity alone. The numbers listed outside of parentheses indicate the total resources of the given type used by the specific entity and all of its sub-entities in the hierarchy.


+-----------------------------------------------------------------------------------------------------------------------------------------------------------------------------------------------------------+
; Analysis & Synthesis RAM Summary                                                                                                                                                                          ;
+---------------------------------------------------------------------------------------------+------+-------------+--------------+--------------+--------------+--------------+------+---------------------+
; Name                                                                                        ; Type ; Mode        ; Port A Depth ; Port A Width ; Port B Depth ; Port B Width ; Size ; MIF                 ;
+---------------------------------------------------------------------------------------------+------+-------------+--------------+--------------+--------------+--------------+------+---------------------+
; lpm_ram_io:inst2|altram:sram|altsyncram:ram_block|altsyncram_3ha1:auto_generated|ALTSYNCRAM ; AUTO ; Single Port ; 256          ; 8            ; --           ; --           ; 2048 ; ./standard_test.mif ;
+---------------------------------------------------------------------------------------------+------+-------------+--------------+--------------+--------------+--------------+------+---------------------+


+------------------------------------------------------+
; General Register Statistics                          ;
+----------------------------------------------+-------+
; Statistic                                    ; Value ;
+----------------------------------------------+-------+
; Total registers                              ; 43    ;
; Number of registers using Synchronous Clear  ; 0     ;
; Number of registers using Synchronous Load   ; 8     ;
; Number of registers using Asynchronous Clear ; 0     ;
; Number of registers using Asynchronous Load  ; 0     ;
; Number of registers using Clock Enable       ; 32    ;
; Number of registers using Preset             ; 0     ;
+----------------------------------------------+-------+


+--------------------------------------------------+
; Inverted Register Statistics                     ;
+----------------------------------------+---------+
; Inverted Register                      ; Fan out ;
+----------------------------------------+---------+
; Register:inst4|c[7]                    ; 2       ;
; Total number of inverted registers = 1 ;         ;
+----------------------------------------+---------+


+---------------------------------------------------------------------------------------------------------------------------------------------------------+
; Multiplexer Restructuring Statistics (Restructuring Performed)                                                                                          ;
+--------------------+-----------+---------------+----------------------+------------------------+------------+-------------------------------------------+
; Multiplexer Inputs ; Bus Width ; Baseline Area ; Area if Restructured ; Saving if Restructured ; Registered ; Example Multiplexer Output                ;
+--------------------+-----------+---------------+----------------------+------------------------+------------+-------------------------------------------+
; 4:1                ; 8 bits    ; 16 LEs        ; 16 LEs               ; 0 LEs                  ; No         ; |model_computer|mux:inst3|Mux3            ;
; 4:1                ; 2 bits    ; 4 LEs         ; 2 LEs                ; 2 LEs                  ; No         ; |model_computer|decoder:inst9|MOVA        ;
; 3:1                ; 8 bits    ; 16 LEs        ; 16 LEs               ; 0 LEs                  ; No         ; |model_computer|Register:inst4|Selector15 ;
; 3:1                ; 8 bits    ; 16 LEs        ; 16 LEs               ; 0 LEs                  ; No         ; |model_computer|Register:inst4|Selector6  ;
; 3:1                ; 8 bits    ; 16 LEs        ; 16 LEs               ; 0 LEs                  ; No         ; |model_computer|Shift_Register:inst6|Mux4 ;
; 18:1               ; 7 bits    ; 84 LEs        ; 42 LEs               ; 42 LEs                 ; No         ; |model_computer|ALU2:inst5|t[7]           ;
+--------------------+-----------+---------------+----------------------+------------------------+------------+-------------------------------------------+


+---------------------------------------------------------------------------------------------------------+
; Source assignments for LPM_RAM_IO:inst2|altram:sram|altsyncram:ram_block|altsyncram_3ha1:auto_generated ;
+---------------------------------+--------------------+------+-------------------------------------------+
; Assignment                      ; Value              ; From ; To                                        ;
+---------------------------------+--------------------+------+-------------------------------------------+
; OPTIMIZE_POWER_DURING_SYNTHESIS ; NORMAL_COMPILATION ; -    ; -                                         ;
+---------------------------------+--------------------+------+-------------------------------------------+


+---------------------------------------------------------------+
; Parameter Settings for User Entity Instance: LPM_RAM_IO:inst2 ;
+------------------------+---------------------+----------------+
; Parameter Name         ; Value               ; Type           ;
+------------------------+---------------------+----------------+
; LPM_WIDTH              ; 8                   ; Signed Integer ;
; LPM_WIDTHAD            ; 8                   ; Signed Integer ;
; LPM_NUMWORDS           ; 256                 ; Signed Integer ;
; LPM_INDATA             ; REGISTERED          ; Untyped        ;
; LPM_ADDRESS_CONTROL    ; REGISTERED          ; Untyped        ;
; LPM_OUTDATA            ; UNREGISTERED        ; Untyped        ;
; LPM_FILE               ; ./standard_test.mif ; Untyped        ;
; USE_EAB                ; ON                  ; Untyped        ;
; DEVICE_FAMILY          ; Cyclone II          ; Untyped        ;
; AUTO_CARRY_CHAINS      ; ON                  ; AUTO_CARRY     ;
; IGNORE_CARRY_BUFFERS   ; OFF                 ; IGNORE_CARRY   ;
; AUTO_CASCADE_CHAINS    ; ON                  ; AUTO_CASCADE   ;
; IGNORE_CASCADE_BUFFERS ; OFF                 ; IGNORE_CASCADE ;
+------------------------+---------------------+----------------+
Note: In order to hide this table in the UI and the text report file, please set the "Show Parameter Settings Tables in Synthesis Report" option in "Analysis and Synthesis Settings -> More Settings" to "Off".


+-------------------------------+
; Analysis & Synthesis Messages ;
+-------------------------------+
Info: *******************************************************************
Info: Running Quartus II Analysis & Synthesis
    Info: Version 9.0 Build 184 04/29/2009 Service Pack 1 SJ Web Edition
    Info: Processing started: Fri Dec 31 12:32:29 2021
Info: Command: quartus_map --read_settings_files=on --write_settings_files=off model_computer -c model_computer
Info: Found 1 design units, including 1 entities, in source file ../SM/SM.v
    Info: Found entity 1: SM
Info: Found 1 design units, including 1 entities, in source file ../RegShift/Shift_Register.v
    Info: Found entity 1: Shift_Register
Info: Found 1 design units, including 1 entities, in source file ../Register/Register.v
    Info: Found entity 1: Register
Info: Found 1 design units, including 1 entities, in source file ../PSW2/PSW.v
    Info: Found entity 1: PSW
Info: Found 1 design units, including 1 entities, in source file ../PC/PC.v
    Info: Found entity 1: PC
Warning: Entity "mux" obtained from "C:/Users/cyp0633/OneDrive/HNU/EDA/ModelComputer/MUX/mux.v" instead of from Quartus II megafunction library
Info: Found 1 design units, including 1 entities, in source file ../MUX/mux.v
    Info: Found entity 1: mux
Info: Found 1 design units, including 1 entities, in source file ../IR/IR.v
    Info: Found entity 1: IR
Info: Found 1 design units, including 1 entities, in source file ../instruction_decoder/decoder.v
    Info: Found entity 1: decoder
Info: Found 1 design units, including 1 entities, in source file ../control_signal/control_signal.v
    Info: Found entity 1: control_signal
Info: Found 1 design units, including 1 entities, in source file ../ALU/ALU2.v
    Info: Found entity 1: ALU2
Info: Found 1 design units, including 1 entities, in source file model_computer.bdf
    Info: Found entity 1: model_computer
Info: Elaborating entity "model_computer" for the top level hierarchy
Info: Elaborating entity "control_signal" for hierarchy "control_signal:inst7"
Warning (10235): Verilog HDL Always Construct warning at control_signal.v(39): variable "IR" is read inside the Always Construct but isn't in the Always Construct's Event Control
Warning (10235): Verilog HDL Always Construct warning at control_signal.v(44): variable "IR" is read inside the Always Construct but isn't in the Always Construct's Event Control
Warning (10235): Verilog HDL Always Construct warning at control_signal.v(49): variable "IR" is read inside the Always Construct but isn't in the Always Construct's Event Control
Info: Elaborating entity "decoder" for hierarchy "decoder:inst9"
Info: Elaborating entity "SM" for hierarchy "SM:inst10"
Info: Elaborating entity "IR" for hierarchy "IR:inst"
Info: Elaborating entity "Shift_Register" for hierarchy "Shift_Register:inst6"
Warning (10235): Verilog HDL Always Construct warning at Shift_Register.v(17): variable "a" is read inside the Always Construct but isn't in the Always Construct's Event Control
Warning (10235): Verilog HDL Always Construct warning at Shift_Register.v(21): variable "a" is read inside the Always Construct but isn't in the Always Construct's Event Control
Warning (10235): Verilog HDL Always Construct warning at Shift_Register.v(22): variable "a" is read inside the Always Construct but isn't in the Always Construct's Event Control
Warning (10235): Verilog HDL Always Construct warning at Shift_Register.v(25): variable "a" is read inside the Always Construct but isn't in the Always Construct's Event Control
Warning (10235): Verilog HDL Always Construct warning at Shift_Register.v(26): variable "a" is read inside the Always Construct but isn't in the Always Construct's Event Control
Info (10264): Verilog HDL Case Statement information at Shift_Register.v(15): all case item expressions in this case statement are onehot
Info: Elaborating entity "ALU2" for hierarchy "ALU2:inst5"
Info: Elaborating entity "Register" for hierarchy "Register:inst4"
Warning (10235): Verilog HDL Always Construct warning at Register.v(15): variable "a" is read inside the Always Construct but isn't in the Always Construct's Event Control
Warning (10235): Verilog HDL Always Construct warning at Register.v(16): variable "b" is read inside the Always Construct but isn't in the Always Construct's Event Control
Warning (10235): Verilog HDL Always Construct warning at Register.v(17): variable "c" is read inside the Always Construct but isn't in the Always Construct's Event Control
Warning (10235): Verilog HDL Always Construct warning at Register.v(23): variable "a" is read inside the Always Construct but isn't in the Always Construct's Event Control
Warning (10235): Verilog HDL Always Construct warning at Register.v(24): variable "b" is read inside the Always Construct but isn't in the Always Construct's Event Control
Warning (10235): Verilog HDL Always Construct warning at Register.v(25): variable "c" is read inside the Always Construct but isn't in the Always Construct's Event Control
Info: Elaborating entity "LPM_RAM_IO" for hierarchy "LPM_RAM_IO:inst2"
Info: Elaborated megafunction instantiation "LPM_RAM_IO:inst2"
Info: Instantiated megafunction "LPM_RAM_IO:inst2" with the following parameter:
    Info: Parameter "LPM_ADDRESS_CONTROL" = "REGISTERED"
    Info: Parameter "LPM_FILE" = "./standard_test.mif"
    Info: Parameter "LPM_INDATA" = "REGISTERED"
    Info: Parameter "LPM_NUMWORDS" = "256"
    Info: Parameter "LPM_OUTDATA" = "UNREGISTERED"
    Info: Parameter "LPM_WIDTH" = "8"
    Info: Parameter "LPM_WIDTHAD" = "8"
Info: Elaborating entity "altram" for hierarchy "LPM_RAM_IO:inst2|altram:sram"
Warning: Assertion warning: altram does not support Cyclone II device family -- attempting best-case memory conversions, but power-up states and read during write behavior will be different for Cyclone II devices
Info: Elaborated megafunction instantiation "LPM_RAM_IO:inst2|altram:sram", which is child of megafunction instantiation "LPM_RAM_IO:inst2"
Info: Elaborating entity "altsyncram" for hierarchy "LPM_RAM_IO:inst2|altram:sram|altsyncram:ram_block"
Info: Elaborated megafunction instantiation "LPM_RAM_IO:inst2|altram:sram|altsyncram:ram_block", which is child of megafunction instantiation "LPM_RAM_IO:inst2"
Info: Found 1 design units, including 1 entities, in source file db/altsyncram_3ha1.tdf
    Info: Found entity 1: altsyncram_3ha1
Info: Elaborating entity "altsyncram_3ha1" for hierarchy "LPM_RAM_IO:inst2|altram:sram|altsyncram:ram_block|altsyncram_3ha1:auto_generated"
Info: Elaborating entity "mux" for hierarchy "mux:inst3"
Info: Elaborating entity "PC" for hierarchy "PC:inst1"
Warning (10230): Verilog HDL assignment warning at PC.v(13): truncated value with size 32 to match size of target (8)
Info: Elaborating entity "PSW" for hierarchy "PSW:inst8"
Warning: Tri-state node(s) do not directly drive top-level pin(s)
    Warning: Converted the fan-out from the tri-state buffer "inst66[7]" to the node "lpm_ram_io:inst2|altram:sram|altsyncram:ram_block|altsyncram_3ha1:auto_generated|q_a[7]" into an OR gate
    Warning: Converted the fan-out from the tri-state buffer "inst66[6]" to the node "lpm_ram_io:inst2|altram:sram|altsyncram:ram_block|altsyncram_3ha1:auto_generated|q_a[6]" into an OR gate
    Warning: Converted the fan-out from the tri-state buffer "inst66[5]" to the node "lpm_ram_io:inst2|altram:sram|altsyncram:ram_block|altsyncram_3ha1:auto_generated|q_a[5]" into an OR gate
    Warning: Converted the fan-out from the tri-state buffer "inst66[4]" to the node "lpm_ram_io:inst2|altram:sram|altsyncram:ram_block|altsyncram_3ha1:auto_generated|q_a[4]" into an OR gate
    Warning: Converted the fan-out from the tri-state buffer "inst66[3]" to the node "lpm_ram_io:inst2|altram:sram|altsyncram:ram_block|altsyncram_3ha1:auto_generated|q_a[3]" into an OR gate
    Warning: Converted the fan-out from the tri-state buffer "inst66[2]" to the node "lpm_ram_io:inst2|altram:sram|altsyncram:ram_block|altsyncram_3ha1:auto_generated|q_a[2]" into an OR gate
    Warning: Converted the fan-out from the tri-state buffer "inst66[1]" to the node "lpm_ram_io:inst2|altram:sram|altsyncram:ram_block|altsyncram_3ha1:auto_generated|q_a[1]" into an OR gate
    Warning: Converted the fan-out from the tri-state buffer "inst66[0]" to the node "lpm_ram_io:inst2|altram:sram|altsyncram:ram_block|altsyncram_3ha1:auto_generated|q_a[0]" into an OR gate
Warning: Output pins are stuck at VCC or GND
    Warning (13410): Pin "ramxl_dbg" is stuck at GND
Info: Implemented 378 device resources after synthesis - the final resource count might be different
    Info: Implemented 10 input pins
    Info: Implemented 66 output pins
    Info: Implemented 294 logic cells
    Info: Implemented 8 RAM segments
Info: Quartus II Analysis & Synthesis was successful. 0 errors, 28 warnings
    Info: Peak virtual memory: 236 megabytes
    Info: Processing ended: Fri Dec 31 12:32:31 2021
    Info: Elapsed time: 00:00:02
    Info: Total CPU time (on all processors): 00:00:02


